[00:12:24] === BOOT 1/5: load_core (cold boot) ===
FRESH hw_gate/marathon_v2/boot1_40s.png (7906 bytes) <- MacIIvi/20260816_001312-screen.png
[00:13:15]   boot1 +40s lum=147 md5=72061d67
FRESH hw_gate/marathon_v2/boot1_62s.png (7906 bytes) <- MacIIvi/20260816_001329-screen.png
[00:13:32]   boot1 +62s lum=147 md5=72061d67
FRESH hw_gate/marathon_v2/boot1_79s.png (8529 bytes) <- MacIIvi/20260816_001346-screen.png
[00:13:49]   boot1 +79s lum=147 md5=c39b4fdf
FRESH hw_gate/marathon_v2/boot1_96s.png (9026 bytes) <- MacIIvi/20260816_001403-screen.png
[00:14:05]   boot1 +96s lum=147 md5=3847facc
FRESH hw_gate/marathon_v2/boot1_112s.png (10251 bytes) <- MacIIvi/20260816_001419-screen.png
[00:14:22]   boot1 +112s lum=147 md5=ef05d77f
FRESH hw_gate/marathon_v2/boot1_129s.png (11451 bytes) <- MacIIvi/20260816_001436-screen.png
[00:14:39]   boot1 +129s lum=147 md5=68f5893d
FRESH hw_gate/marathon_v2/boot1_146s.png (6221 bytes) <- MacIIvi/20260816_001453-screen.png
[00:14:55]   boot1 +146s lum=166 md5=e5f83112
FRESH hw_gate/marathon_v2/boot1_163s.png (6106 bytes) <- MacIIvi/20260816_001509-screen.png
[00:15:12]   boot1 +163s lum=166 md5=ae044d2b
FRESH hw_gate/marathon_v2/boot1_179s.png (13444 bytes) <- MacIIvi/20260816_001526-screen.png
[00:15:29]   boot1 +179s lum=187 md5=26c658d6
FRESH hw_gate/marathon_v2/boot1_196s.png (7793 bytes) <- MacIIvi/20260816_001543-screen.png
[00:15:46]   boot1 +196s lum=248 md5=9d3a6ed9
FRESH hw_gate/marathon_v2/boot1_213s.png (31261 bytes) <- MacIIvi/20260816_001559-screen.png
[00:16:02] BOOT 1 verdict: SETTLED at 213s
[00:16:02] === BOOT 2/5: load_core (cold boot) ===
FRESH hw_gate/marathon_v2/boot2_40s.png (6453 bytes) <- MacIIvi/20260816_001644-screen.png
[00:16:47]   boot2 +40s lum=127 md5=bff2b0e9
FRESH hw_gate/marathon_v2/boot2_57s.png (7906 bytes) <- MacIIvi/20260816_001701-screen.png
[00:17:04]   boot2 +57s lum=147 md5=72061d67
FRESH hw_gate/marathon_v2/boot2_74s.png (8529 bytes) <- MacIIvi/20260816_001717-screen.png
[00:17:20]   boot2 +74s lum=147 md5=c39b4fdf
FRESH hw_gate/marathon_v2/boot2_90s.png (9026 bytes) <- MacIIvi/20260816_001734-screen.png
[00:17:37]   boot2 +90s lum=147 md5=3847facc
FRESH hw_gate/marathon_v2/boot2_107s.png (10251 bytes) <- MacIIvi/20260816_001751-screen.png
[00:17:54]   boot2 +107s lum=147 md5=ef05d77f
FRESH hw_gate/marathon_v2/boot2_124s.png (10251 bytes) <- MacIIvi/20260816_001808-screen.png
[00:18:10]   boot2 +124s lum=147 md5=ef05d77f
FRESH hw_gate/marathon_v2/boot2_140s.png (6221 bytes) <- MacIIvi/20260816_001824-screen.png
[00:18:27]   boot2 +140s lum=166 md5=e5f83112
FRESH hw_gate/marathon_v2/boot2_157s.png (6106 bytes) <- MacIIvi/20260816_001841-screen.png
[00:18:44]   boot2 +157s lum=166 md5=ae044d2b
FRESH hw_gate/marathon_v2/boot2_174s.png (7079 bytes) <- MacIIvi/20260816_001857-screen.png
[00:19:00]   boot2 +174s lum=165 md5=e7662808
FRESH hw_gate/marathon_v2/boot2_190s.png (7369 bytes) <- MacIIvi/20260816_001914-screen.png
[00:19:17]   boot2 +190s lum=249 md5=e8c3d3f5
FRESH hw_gate/marathon_v2/boot2_207s.png (18185 bytes) <- MacIIvi/20260816_001931-screen.png
[00:19:34]   boot2 +207s lum=238 md5=c3a10039
FRESH hw_gate/marathon_v2/boot2_224s.png (31261 bytes) <- MacIIvi/20260816_001948-screen.png
[00:19:50] BOOT 2 verdict: SETTLED at 224s
[00:19:50] === BOOT 3/5: load_core (cold boot) ===
FRESH hw_gate/marathon_v2/boot3_40s.png (6453 bytes) <- MacIIvi/20260816_002032-screen.png
[00:20:35]   boot3 +40s lum=127 md5=bff2b0e9
FRESH hw_gate/marathon_v2/boot3_57s.png (7906 bytes) <- MacIIvi/20260816_002049-screen.png
[00:20:52]   boot3 +57s lum=147 md5=72061d67
FRESH hw_gate/marathon_v2/boot3_74s.png (8529 bytes) <- MacIIvi/20260816_002106-screen.png
[00:21:08]   boot3 +74s lum=147 md5=c39b4fdf
FRESH hw_gate/marathon_v2/boot3_90s.png (9026 bytes) <- MacIIvi/20260816_002122-screen.png
[00:21:25]   boot3 +90s lum=147 md5=3847facc
FRESH hw_gate/marathon_v2/boot3_107s.png (10251 bytes) <- MacIIvi/20260816_002139-screen.png
[00:21:42]   boot3 +107s lum=147 md5=ef05d77f
FRESH hw_gate/marathon_v2/boot3_124s.png (10251 bytes) <- MacIIvi/20260816_002156-screen.png
[00:21:58]   boot3 +124s lum=147 md5=ef05d77f
FRESH hw_gate/marathon_v2/boot3_141s.png (6221 bytes) <- MacIIvi/20260816_002212-screen.png
[00:22:15]   boot3 +141s lum=166 md5=e5f83112
FRESH hw_gate/marathon_v2/boot3_157s.png (6106 bytes) <- MacIIvi/20260816_002229-screen.png
[00:22:32]   boot3 +157s lum=166 md5=ae044d2b
FRESH hw_gate/marathon_v2/boot3_174s.png (7079 bytes) <- MacIIvi/20260816_002246-screen.png
[00:22:48]   boot3 +174s lum=165 md5=e7662808
FRESH hw_gate/marathon_v2/boot3_190s.png (7369 bytes) <- MacIIvi/20260816_002302-screen.png
[00:23:05]   boot3 +190s lum=249 md5=e8c3d3f5
FRESH hw_gate/marathon_v2/boot3_207s.png (15548 bytes) <- MacIIvi/20260816_002319-screen.png
[00:23:22]   boot3 +207s lum=240 md5=b4df1975
FRESH hw_gate/marathon_v2/boot3_224s.png (31261 bytes) <- MacIIvi/20260816_002336-screen.png
[00:23:38] BOOT 3 verdict: SETTLED at 224s
[00:23:38] === BOOT 4/5: load_core (cold boot) ===
FRESH hw_gate/marathon_v2/boot4_40s.png (6453 bytes) <- MacIIvi/20260816_002420-screen.png
[00:24:23]   boot4 +40s lum=127 md5=bff2b0e9
FRESH hw_gate/marathon_v2/boot4_57s.png (7906 bytes) <- MacIIvi/20260816_002437-screen.png
[00:24:40]   boot4 +57s lum=147 md5=72061d67
FRESH hw_gate/marathon_v2/boot4_74s.png (8529 bytes) <- MacIIvi/20260816_002454-screen.png
[00:24:56]   boot4 +74s lum=147 md5=c39b4fdf
FRESH hw_gate/marathon_v2/boot4_90s.png (9026 bytes) <- MacIIvi/20260816_002510-screen.png
[00:25:13]   boot4 +90s lum=147 md5=3847facc
FRESH hw_gate/marathon_v2/boot4_107s.png (10251 bytes) <- MacIIvi/20260816_002527-screen.png
[00:25:30]   boot4 +107s lum=147 md5=ef05d77f
FRESH hw_gate/marathon_v2/boot4_124s.png (10251 bytes) <- MacIIvi/20260816_002544-screen.png
[00:25:46]   boot4 +124s lum=147 md5=ef05d77f
FRESH hw_gate/marathon_v2/boot4_140s.png (6221 bytes) <- MacIIvi/20260816_002600-screen.png
[00:26:03]   boot4 +140s lum=166 md5=e5f83112
FRESH hw_gate/marathon_v2/boot4_157s.png (6106 bytes) <- MacIIvi/20260816_002617-screen.png
[00:26:20]   boot4 +157s lum=166 md5=ae044d2b
FRESH hw_gate/marathon_v2/boot4_174s.png (7079 bytes) <- MacIIvi/20260816_002634-screen.png
[00:26:36]   boot4 +174s lum=165 md5=e7662808
FRESH hw_gate/marathon_v2/boot4_190s.png (7369 bytes) <- MacIIvi/20260816_002650-screen.png
[00:26:53]   boot4 +190s lum=249 md5=e8c3d3f5
FRESH hw_gate/marathon_v2/boot4_207s.png (14804 bytes) <- MacIIvi/20260816_002707-screen.png
[00:27:10]   boot4 +207s lum=240 md5=b4813f4d
FRESH hw_gate/marathon_v2/boot4_224s.png (31261 bytes) <- MacIIvi/20260816_002724-screen.png
[00:27:26] BOOT 4 verdict: SETTLED at 224s
[00:27:26] === BOOT 5/5: load_core (cold boot) ===
FRESH hw_gate/marathon_v2/boot5_40s.png (6453 bytes) <- MacIIvi/20260816_002808-screen.png
[00:28:11]   boot5 +40s lum=127 md5=bff2b0e9
FRESH hw_gate/marathon_v2/boot5_57s.png (7906 bytes) <- MacIIvi/20260816_002825-screen.png
[00:28:28]   boot5 +57s lum=147 md5=72061d67
FRESH hw_gate/marathon_v2/boot5_74s.png (8529 bytes) <- MacIIvi/20260816_002842-screen.png
[00:28:44]   boot5 +74s lum=147 md5=c39b4fdf
FRESH hw_gate/marathon_v2/boot5_90s.png (9026 bytes) <- MacIIvi/20260816_002858-screen.png
[00:29:01]   boot5 +90s lum=147 md5=3847facc
FRESH hw_gate/marathon_v2/boot5_107s.png (10251 bytes) <- MacIIvi/20260816_002915-screen.png
[00:29:18]   boot5 +107s lum=147 md5=ef05d77f
FRESH hw_gate/marathon_v2/boot5_124s.png (10251 bytes) <- MacIIvi/20260816_002932-screen.png
[00:29:34]   boot5 +124s lum=147 md5=ef05d77f
FRESH hw_gate/marathon_v2/boot5_140s.png (6221 bytes) <- MacIIvi/20260816_002948-screen.png
[00:29:51]   boot5 +140s lum=166 md5=e5f83112
FRESH hw_gate/marathon_v2/boot5_157s.png (6106 bytes) <- MacIIvi/20260816_003005-screen.png
[00:30:08]   boot5 +157s lum=166 md5=ae044d2b
FRESH hw_gate/marathon_v2/boot5_174s.png (11538 bytes) <- MacIIvi/20260816_003022-screen.png
[00:30:24]   boot5 +174s lum=165 md5=b171a8b0
FRESH hw_gate/marathon_v2/boot5_190s.png (7793 bytes) <- MacIIvi/20260816_003038-screen.png
[00:30:41]   boot5 +190s lum=248 md5=9d3a6ed9
FRESH hw_gate/marathon_v2/boot5_207s.png (26266 bytes) <- MacIIvi/20260816_003055-screen.png
[00:30:58]   boot5 +207s lum=231 md5=e310742c
FRESH hw_gate/marathon_v2/boot5_224s.png (31261 bytes) <- MacIIvi/20260816_003112-screen.png
[00:31:14] BOOT 5 verdict: SETTLED at 224s
[00:31:14] MARATHON PASS: 5 consecutive clean settles
